==============================JS BEGIN==============================
naiveBottomUp_native: 0ms
naiveBottomUp_native: 0ms
naiveBottomUp_native: 0ms
naiveBottomUp_native: 0ms
naiveBottomUp_native: 0ms
naiveBottomUp_native: 0ms
naiveBottomUp_native: 0ms
naiveBottomUp_native: 0ms
naiveBottomUp_native: 0ms
naiveBottomUp_native: 0ms
naiveBottomUp_native: 0ms
naiveBottomUp_native: 0ms
naiveBottomUp_native: 0ms
naiveBottomUp_native: 0ms
naiveBottomUp_native: 1ms
naiveBottomUp_native: 0ms
naiveBottomUp_native: 0ms
naiveBottomUp_native: 0ms
naiveBottomUp_native: 0ms
naiveBottomUp_native: 0ms
naiveBottomUp_native: 0ms
naiveBottomUp_native: 0ms
naiveBottomUp_native: 1ms
naiveBottomUp_native: 0ms
naiveBottomUp_native: 0ms
naiveBottomUp_native: 0ms
naiveBottomUp_native: 0ms
naiveBottomUp_native: 0ms
naiveBottomUp_native: 0ms
naiveBottomUp_native: 0ms
naiveBottomUp_native: 0ms
naiveBottomUp_native: 0ms
naiveBottomUp_native: 0ms
naiveBottomUp_native: 0ms
naiveBottomUp_native: 0ms
naiveBottomUp_native: 0ms
naiveBottomUp_native: 0ms
naiveBottomUp_native: 0ms
naiveBottomUp_native: 0ms
naiveBottomUp_native: 0ms
naiveBottomUp_native: 0ms
naiveBottomUp_native: 0ms
naiveBottomUp_native: 1ms
naiveBottomUp_native: 0ms
naiveBottomUp_native: 0ms
naiveBottomUp_native: 0ms
naiveBottomUp_native: 0ms
naiveBottomUp_native: 0ms
naiveBottomUp_native: 0ms
naiveBottomUp_native: 0ms
naiveBottomUp_native: 0ms
naiveBottomUp_native: 0ms
naiveBottomUp_native: 0ms
naiveBottomUp_native: 0ms
naiveBottomUp_native: 0ms
naiveBottomUp_native: 0ms
naiveBottomUp_native: 0ms
naiveBottomUp_native: 0ms
naiveBottomUp_native: 0ms
naiveBottomUp_native: 1ms
naiveBottomUp_native: 0ms
naiveBottomUp_native: 0ms
naiveBottomUp_native: 0ms
naiveBottomUp_native: 0ms
naiveBottomUp_native: 0ms
naiveBottomUp_native: 0ms
naiveBottomUp_native: 0ms
naiveBottomUp_native: 0ms
naiveBottomUp_native: 0ms
naiveBottomUp_native: 0ms
naiveBottomUp_native: 0ms
naiveBottomUp_native: 0ms
naiveBottomUp_native: 0ms
naiveBottomUp_native: 0ms
naiveBottomUp_native: 0ms
naiveBottomUp_native: 0ms
naiveBottomUp_native: 0ms
naiveBottomUp_native: 0ms
naiveBottomUp_native: 0ms
naiveBottomUp_native: 0ms
naiveBottomUp_native: 0ms
naiveBottomUp_native: 0ms
naiveBottomUp_native: 0ms
naiveBottomUp_native: 0ms
naiveBottomUp_native: 1ms
naiveBottomUp_native: 0ms
naiveBottomUp_native: 0ms
naiveBottomUp_native: 0ms
naiveBottomUp_native: 0ms
naiveBottomUp_native: 0ms
naiveBottomUp_native: 0ms
naiveBottomUp_native: 0ms
naiveBottomUp_native: 0ms
naiveBottomUp_native: 0ms
naiveBottomUp_native: 0ms
naiveBottomUp_native: 0ms
naiveBottomUp_native: 0ms
naiveBottomUp_native: 0ms
naiveBottomUp_native: 0ms
naiveBottomUp_native: 0ms
==============================JS END================================
