==============================JS BEGIN==============================
naiveFib_native: 147ms
naiveFib_native: 146ms
naiveFib_native: 146ms
naiveFib_native: 147ms
naiveFib_native: 154ms
naiveFib_native: 155ms
naiveFib_native: 147ms
naiveFib_native: 148ms
naiveFib_native: 146ms
naiveFib_native: 147ms
naiveFib_native: 147ms
naiveFib_native: 147ms
naiveFib_native: 147ms
naiveFib_native: 147ms
naiveFib_native: 147ms
naiveFib_native: 147ms
naiveFib_native: 148ms
naiveFib_native: 179ms
naiveFib_native: 157ms
naiveFib_native: 148ms
naiveFib_native: 146ms
naiveFib_native: 147ms
naiveFib_native: 147ms
naiveFib_native: 148ms
naiveFib_native: 153ms
naiveFib_native: 148ms
naiveFib_native: 148ms
naiveFib_native: 147ms
naiveFib_native: 147ms
naiveFib_native: 148ms
naiveFib_native: 149ms
naiveFib_native: 169ms
naiveFib_native: 151ms
naiveFib_native: 148ms
naiveFib_native: 148ms
naiveFib_native: 147ms
naiveFib_native: 147ms
naiveFib_native: 147ms
naiveFib_native: 147ms
naiveFib_native: 147ms
naiveFib_native: 147ms
naiveFib_native: 147ms
naiveFib_native: 147ms
naiveFib_native: 147ms
naiveFib_native: 202ms
naiveFib_native: 155ms
naiveFib_native: 148ms
naiveFib_native: 147ms
naiveFib_native: 146ms
naiveFib_native: 147ms
naiveFib_native: 148ms
naiveFib_native: 147ms
naiveFib_native: 148ms
naiveFib_native: 147ms
naiveFib_native: 147ms
naiveFib_native: 147ms
naiveFib_native: 147ms
naiveFib_native: 176ms
naiveFib_native: 155ms
naiveFib_native: 151ms
naiveFib_native: 148ms
naiveFib_native: 147ms
naiveFib_native: 147ms
naiveFib_native: 147ms
naiveFib_native: 147ms
naiveFib_native: 147ms
naiveFib_native: 148ms
naiveFib_native: 148ms
naiveFib_native: 147ms
naiveFib_native: 148ms
naiveFib_native: 169ms
naiveFib_native: 171ms
naiveFib_native: 152ms
naiveFib_native: 147ms
naiveFib_native: 147ms
naiveFib_native: 147ms
naiveFib_native: 148ms
naiveFib_native: 146ms
naiveFib_native: 147ms
naiveFib_native: 147ms
naiveFib_native: 147ms
naiveFib_native: 153ms
naiveFib_native: 147ms
naiveFib_native: 147ms
naiveFib_native: 182ms
naiveFib_native: 151ms
naiveFib_native: 153ms
naiveFib_native: 146ms
naiveFib_native: 147ms
naiveFib_native: 147ms
naiveFib_native: 147ms
naiveFib_native: 146ms
naiveFib_native: 147ms
naiveFib_native: 147ms
naiveFib_native: 146ms
naiveFib_native: 153ms
naiveFib_native: 146ms
naiveFib_native: 158ms
naiveFib_native: 155ms
naiveFib_native: 144ms
==============================JS END================================
