==============================JS BEGIN==============================
addInt_native_ref: 78ms
addInt_native_ref: 79ms
addInt_native_ref: 77ms
addInt_native_ref: 79ms
addInt_native_ref: 78ms
addInt_native_ref: 76ms
addInt_native_ref: 77ms
addInt_native_ref: 78ms
addInt_native_ref: 77ms
addInt_native_ref: 77ms
addInt_native_ref: 78ms
addInt_native_ref: 86ms
addInt_native_ref: 86ms
addInt_native_ref: 88ms
addInt_native_ref: 90ms
addInt_native_ref: 92ms
addInt_native_ref: 86ms
addInt_native_ref: 85ms
addInt_native_ref: 85ms
addInt_native_ref: 87ms
addInt_native_ref: 85ms
addInt_native_ref: 87ms
addInt_native_ref: 86ms
addInt_native_ref: 86ms
addInt_native_ref: 86ms
addInt_native_ref: 86ms
addInt_native_ref: 85ms
addInt_native_ref: 86ms
addInt_native_ref: 86ms
addInt_native_ref: 85ms
addInt_native_ref: 90ms
addInt_native_ref: 85ms
addInt_native_ref: 86ms
addInt_native_ref: 85ms
addInt_native_ref: 85ms
addInt_native_ref: 87ms
addInt_native_ref: 82ms
addInt_native_ref: 82ms
addInt_native_ref: 85ms
addInt_native_ref: 83ms
addInt_native_ref: 77ms
addInt_native_ref: 78ms
addInt_native_ref: 79ms
addInt_native_ref: 79ms
addInt_native_ref: 77ms
addInt_native_ref: 77ms
addInt_native_ref: 78ms
addInt_native_ref: 86ms
addInt_native_ref: 86ms
addInt_native_ref: 85ms
addInt_native_ref: 87ms
addInt_native_ref: 86ms
addInt_native_ref: 86ms
addInt_native_ref: 85ms
addInt_native_ref: 86ms
addInt_native_ref: 86ms
addInt_native_ref: 86ms
addInt_native_ref: 86ms
addInt_native_ref: 87ms
addInt_native_ref: 85ms
addInt_native_ref: 106ms
addInt_native_ref: 91ms
addInt_native_ref: 95ms
addInt_native_ref: 87ms
addInt_native_ref: 86ms
addInt_native_ref: 86ms
addInt_native_ref: 85ms
addInt_native_ref: 89ms
addInt_native_ref: 86ms
addInt_native_ref: 87ms
addInt_native_ref: 83ms
addInt_native_ref: 76ms
addInt_native_ref: 76ms
addInt_native_ref: 79ms
addInt_native_ref: 78ms
addInt_native_ref: 76ms
addInt_native_ref: 79ms
addInt_native_ref: 79ms
addInt_native_ref: 78ms
addInt_native_ref: 78ms
addInt_native_ref: 80ms
addInt_native_ref: 87ms
addInt_native_ref: 87ms
addInt_native_ref: 87ms
addInt_native_ref: 136ms
addInt_native_ref: 120ms
addInt_native_ref: 93ms
addInt_native_ref: 86ms
addInt_native_ref: 86ms
addInt_native_ref: 87ms
addInt_native_ref: 86ms
addInt_native_ref: 87ms
addInt_native_ref: 93ms
addInt_native_ref: 86ms
addInt_native_ref: 87ms
addInt_native_ref: 87ms
addInt_native_ref: 86ms
addInt_native_ref: 86ms
addInt_native_ref: 87ms
addInt_native_ref: 85ms
subInt_native_ref: 85ms
subInt_native_ref: 84ms
subInt_native_ref: 86ms
subInt_native_ref: 85ms
subInt_native_ref: 86ms
subInt_native_ref: 85ms
subInt_native_ref: 89ms
subInt_native_ref: 95ms
subInt_native_ref: 96ms
subInt_native_ref: 86ms
subInt_native_ref: 85ms
subInt_native_ref: 85ms
subInt_native_ref: 85ms
subInt_native_ref: 85ms
subInt_native_ref: 85ms
subInt_native_ref: 87ms
subInt_native_ref: 86ms
subInt_native_ref: 85ms
subInt_native_ref: 85ms
subInt_native_ref: 87ms
subInt_native_ref: 85ms
subInt_native_ref: 87ms
subInt_native_ref: 86ms
subInt_native_ref: 85ms
subInt_native_ref: 86ms
subInt_native_ref: 85ms
subInt_native_ref: 87ms
subInt_native_ref: 88ms
subInt_native_ref: 80ms
subInt_native_ref: 104ms
subInt_native_ref: 88ms
subInt_native_ref: 83ms
subInt_native_ref: 80ms
subInt_native_ref: 79ms
subInt_native_ref: 77ms
subInt_native_ref: 77ms
subInt_native_ref: 78ms
subInt_native_ref: 76ms
subInt_native_ref: 77ms
subInt_native_ref: 92ms
subInt_native_ref: 85ms
subInt_native_ref: 88ms
subInt_native_ref: 90ms
subInt_native_ref: 86ms
subInt_native_ref: 85ms
subInt_native_ref: 86ms
subInt_native_ref: 85ms
subInt_native_ref: 86ms
subInt_native_ref: 86ms
subInt_native_ref: 85ms
subInt_native_ref: 86ms
subInt_native_ref: 86ms
subInt_native_ref: 87ms
subInt_native_ref: 97ms
subInt_native_ref: 90ms
subInt_native_ref: 92ms
subInt_native_ref: 86ms
subInt_native_ref: 86ms
subInt_native_ref: 87ms
subInt_native_ref: 86ms
subInt_native_ref: 87ms
subInt_native_ref: 87ms
subInt_native_ref: 86ms
subInt_native_ref: 86ms
subInt_native_ref: 85ms
subInt_native_ref: 86ms
subInt_native_ref: 92ms
subInt_native_ref: 86ms
subInt_native_ref: 85ms
subInt_native_ref: 87ms
subInt_native_ref: 85ms
subInt_native_ref: 86ms
subInt_native_ref: 86ms
subInt_native_ref: 86ms
subInt_native_ref: 86ms
subInt_native_ref: 86ms
subInt_native_ref: 156ms
subInt_native_ref: 92ms
subInt_native_ref: 90ms
subInt_native_ref: 86ms
subInt_native_ref: 86ms
subInt_native_ref: 86ms
subInt_native_ref: 87ms
subInt_native_ref: 85ms
subInt_native_ref: 86ms
subInt_native_ref: 86ms
subInt_native_ref: 85ms
subInt_native_ref: 86ms
subInt_native_ref: 85ms
subInt_native_ref: 85ms
subInt_native_ref: 86ms
subInt_native_ref: 86ms
subInt_native_ref: 86ms
subInt_native_ref: 86ms
subInt_native_ref: 85ms
subInt_native_ref: 86ms
subInt_native_ref: 87ms
subInt_native_ref: 87ms
subInt_native_ref: 107ms
subInt_native_ref: 91ms
==============================JS END================================
