beautified intTest.js
==============================JS BEGIN==============================
recAdd: 4ms
recAdd: 2ms
recAdd: 2ms
recAdd: 1ms
recAdd: 1ms
recAdd: 2ms
recAdd: 2ms
recAdd: 1ms
recAdd: 1ms
recAdd: 1ms
recAdd: 0ms
recAdd: 1ms
recAdd: 1ms
recAdd: 1ms
recAdd: 0ms
recAdd: 1ms
recAdd: 1ms
recAdd: 0ms
recAdd: 1ms
recAdd: 0ms
recAdd: 0ms
recAdd: 2ms
recAdd: 0ms
recAdd: 1ms
recAdd: 1ms
recAdd: 0ms
recAdd: 1ms
recAdd: 1ms
recAdd: 0ms
recAdd: 1ms
recAdd: 2ms
recAdd: 1ms
recAdd: 0ms
recAdd: 1ms
recAdd: 0ms
recAdd: 1ms
recAdd: 2ms
recAdd: 0ms
recAdd: 1ms
recAdd: 0ms
recAdd: 0ms
recAdd: 1ms
recAdd: 2ms
recAdd: 0ms
recAdd: 1ms
recAdd: 0ms
recAdd: 1ms
recAdd: 0ms
recAdd: 2ms
recAdd: 1ms
recAdd: 0ms
recAdd: 1ms
recAdd: 0ms
recAdd: 1ms
recAdd: 2ms
recAdd: 0ms
recAdd: 1ms
recAdd: 0ms
recAdd: 1ms
recAdd: 0ms
recAdd: 2ms
recAdd: 0ms
recAdd: 1ms
recAdd: 0ms
recAdd: 1ms
recAdd: 0ms
recAdd: 2ms
recAdd: 0ms
recAdd: 1ms
recAdd: 0ms
recAdd: 1ms
recAdd: 0ms
recAdd: 2ms
recAdd: 0ms
recAdd: 0ms
recAdd: 1ms
recAdd: 0ms
recAdd: 1ms
recAdd: 1ms
recAdd: 1ms
recAdd: 0ms
recAdd: 1ms
recAdd: 0ms
recAdd: 1ms
recAdd: 2ms
recAdd: 0ms
recAdd: 1ms
recAdd: 0ms
recAdd: 1ms
recAdd: 0ms
recAdd: 4ms
recAdd: 0ms
recAdd: 1ms
recAdd: 0ms
recAdd: 1ms
recAdd: 0ms
recAdd: 1ms
recAdd: 0ms
recAdd: 1ms
recAdd: 0ms
recSub: 1ms
recSub: 1ms
recSub: 0ms
recSub: 2ms
recSub: 0ms
recSub: 1ms
recSub: 0ms
recSub: 1ms
recSub: 0ms
recSub: 1ms
recSub: 0ms
recSub: 1ms
recSub: 0ms
recSub: 0ms
recSub: 0ms
recSub: 0ms
recSub: 2ms
recSub: 0ms
recSub: 1ms
recSub: 0ms
recSub: 1ms
recSub: 0ms
recSub: 1ms
recSub: 1ms
recSub: 0ms
recSub: 0ms
recSub: 1ms
recSub: 0ms
recSub: 0ms
recSub: 2ms
recSub: 0ms
recSub: 1ms
recSub: 0ms
recSub: 1ms
recSub: 0ms
recSub: 1ms
recSub: 0ms
recSub: 1ms
recSub: 0ms
recSub: 1ms
recSub: 0ms
recSub: 1ms
recSub: 1ms
recSub: 1ms
recSub: 0ms
recSub: 1ms
recSub: 0ms
recSub: 1ms
recSub: 0ms
recSub: 1ms
recSub: 0ms
recSub: 1ms
recSub: 0ms
recSub: 1ms
recSub: 0ms
recSub: 2ms
recSub: 0ms
recSub: 1ms
recSub: 0ms
recSub: 1ms
recSub: 0ms
recSub: 1ms
recSub: 0ms
recSub: 1ms
recSub: 0ms
recSub: 1ms
recSub: 0ms
recSub: 0ms
recSub: 2ms
recSub: 1ms
recSub: 0ms
recSub: 0ms
recSub: 1ms
recSub: 0ms
recSub: 1ms
recSub: 0ms
recSub: 1ms
recSub: 0ms
recSub: 1ms
recSub: 0ms
recSub: 1ms
recSub: 1ms
recSub: 1ms
recSub: 0ms
recSub: 0ms
recSub: 0ms
recSub: 1ms
recSub: 0ms
recSub: 1ms
recSub: 0ms
recSub: 1ms
recSub: 0ms
recSub: 1ms
recSub: 0ms
recSub: 2ms
recSub: 0ms
recSub: 1ms
recSub: 1ms
recSub: 0ms
recSub: 1ms
==============================JS END================================
