==============================JS BEGIN==============================
intAddRec_native: 0ms
intAddRec_native: 0ms
intAddRec_native: 0ms
intAddRec_native: 0ms
intAddRec_native: 0ms
intAddRec_native: 0ms
intAddRec_native: 0ms
intAddRec_native: 0ms
intAddRec_native: 0ms
intAddRec_native: 0ms
intAddRec_native: 0ms
intAddRec_native: 0ms
intAddRec_native: 0ms
intAddRec_native: 0ms
intAddRec_native: 0ms
intAddRec_native: 0ms
intAddRec_native: 0ms
intAddRec_native: 0ms
intAddRec_native: 0ms
intAddRec_native: 0ms
intAddRec_native: 0ms
intAddRec_native: 0ms
intAddRec_native: 0ms
intAddRec_native: 0ms
intAddRec_native: 0ms
intAddRec_native: 0ms
intAddRec_native: 0ms
intAddRec_native: 0ms
intAddRec_native: 1ms
intAddRec_native: 0ms
intAddRec_native: 0ms
intAddRec_native: 0ms
intAddRec_native: 0ms
intAddRec_native: 0ms
intAddRec_native: 0ms
intAddRec_native: 0ms
intAddRec_native: 0ms
intAddRec_native: 0ms
intAddRec_native: 0ms
intAddRec_native: 0ms
intAddRec_native: 0ms
intAddRec_native: 0ms
intAddRec_native: 0ms
intAddRec_native: 0ms
intAddRec_native: 0ms
intAddRec_native: 0ms
intAddRec_native: 0ms
intAddRec_native: 0ms
intAddRec_native: 0ms
intAddRec_native: 0ms
intAddRec_native: 0ms
intAddRec_native: 0ms
intAddRec_native: 0ms
intAddRec_native: 0ms
intAddRec_native: 0ms
intAddRec_native: 0ms
intAddRec_native: 0ms
intAddRec_native: 0ms
intAddRec_native: 0ms
intAddRec_native: 0ms
intAddRec_native: 0ms
intAddRec_native: 0ms
intAddRec_native: 1ms
intAddRec_native: 0ms
intAddRec_native: 0ms
intAddRec_native: 0ms
intAddRec_native: 0ms
intAddRec_native: 0ms
intAddRec_native: 0ms
intAddRec_native: 0ms
intAddRec_native: 0ms
intAddRec_native: 0ms
intAddRec_native: 0ms
intAddRec_native: 0ms
intAddRec_native: 0ms
intAddRec_native: 0ms
intAddRec_native: 0ms
intAddRec_native: 0ms
intAddRec_native: 0ms
intAddRec_native: 0ms
intAddRec_native: 0ms
intAddRec_native: 0ms
intAddRec_native: 0ms
intAddRec_native: 0ms
intAddRec_native: 0ms
intAddRec_native: 0ms
intAddRec_native: 0ms
intAddRec_native: 0ms
intAddRec_native: 0ms
intAddRec_native: 0ms
intAddRec_native: 0ms
intAddRec_native: 0ms
intAddRec_native: 0ms
intAddRec_native: 0ms
intAddRec_native: 0ms
intAddRec_native: 0ms
intAddRec_native: 0ms
intAddRec_native: 0ms
intAddRec_native: 0ms
intAddRec_native: 0ms
intSubRec_native: 0ms
intSubRec_native: 0ms
intSubRec_native: 0ms
intSubRec_native: 0ms
intSubRec_native: 0ms
intSubRec_native: 0ms
intSubRec_native: 0ms
intSubRec_native: 0ms
intSubRec_native: 0ms
intSubRec_native: 0ms
intSubRec_native: 0ms
intSubRec_native: 0ms
intSubRec_native: 0ms
intSubRec_native: 0ms
intSubRec_native: 0ms
intSubRec_native: 0ms
intSubRec_native: 0ms
intSubRec_native: 0ms
intSubRec_native: 0ms
intSubRec_native: 0ms
intSubRec_native: 0ms
intSubRec_native: 0ms
intSubRec_native: 0ms
intSubRec_native: 0ms
intSubRec_native: 0ms
intSubRec_native: 0ms
intSubRec_native: 0ms
intSubRec_native: 0ms
intSubRec_native: 0ms
intSubRec_native: 0ms
intSubRec_native: 0ms
intSubRec_native: 0ms
intSubRec_native: 0ms
intSubRec_native: 0ms
intSubRec_native: 0ms
intSubRec_native: 0ms
intSubRec_native: 0ms
intSubRec_native: 0ms
intSubRec_native: 0ms
intSubRec_native: 0ms
intSubRec_native: 0ms
intSubRec_native: 0ms
intSubRec_native: 0ms
intSubRec_native: 0ms
intSubRec_native: 0ms
intSubRec_native: 0ms
intSubRec_native: 0ms
intSubRec_native: 0ms
intSubRec_native: 0ms
intSubRec_native: 0ms
intSubRec_native: 0ms
intSubRec_native: 0ms
intSubRec_native: 0ms
intSubRec_native: 0ms
intSubRec_native: 0ms
intSubRec_native: 0ms
intSubRec_native: 0ms
intSubRec_native: 0ms
intSubRec_native: 0ms
intSubRec_native: 0ms
intSubRec_native: 0ms
intSubRec_native: 0ms
intSubRec_native: 0ms
intSubRec_native: 0ms
intSubRec_native: 0ms
intSubRec_native: 0ms
intSubRec_native: 0ms
intSubRec_native: 0ms
intSubRec_native: 0ms
intSubRec_native: 0ms
intSubRec_native: 0ms
intSubRec_native: 0ms
intSubRec_native: 0ms
intSubRec_native: 0ms
intSubRec_native: 0ms
intSubRec_native: 0ms
intSubRec_native: 0ms
intSubRec_native: 0ms
intSubRec_native: 0ms
intSubRec_native: 0ms
intSubRec_native: 0ms
intSubRec_native: 0ms
intSubRec_native: 0ms
intSubRec_native: 0ms
intSubRec_native: 0ms
intSubRec_native: 0ms
intSubRec_native: 0ms
intSubRec_native: 0ms
intSubRec_native: 0ms
intSubRec_native: 0ms
intSubRec_native: 0ms
intSubRec_native: 0ms
intSubRec_native: 0ms
intSubRec_native: 0ms
intSubRec_native: 0ms
intSubRec_native: 0ms
intSubRec_native: 0ms
intSubRec_native: 0ms
intSubRec_native: 0ms
intSubRec_native: 0ms
==============================JS END================================
