==============================JS BEGIN==============================
intAdd_native: 1ms
intAdd_native: 1ms
intAdd_native: 2ms
intAdd_native: 1ms
intAdd_native: 1ms
intAdd_native: 2ms
intAdd_native: 1ms
intAdd_native: 1ms
intAdd_native: 2ms
intAdd_native: 1ms
intAdd_native: 1ms
intAdd_native: 1ms
intAdd_native: 2ms
intAdd_native: 1ms
intAdd_native: 1ms
intAdd_native: 1ms
intAdd_native: 2ms
intAdd_native: 1ms
intAdd_native: 1ms
intAdd_native: 1ms
intAdd_native: 2ms
intAdd_native: 1ms
intAdd_native: 1ms
intAdd_native: 1ms
intAdd_native: 1ms
intAdd_native: 1ms
intAdd_native: 1ms
intAdd_native: 2ms
intAdd_native: 1ms
intAdd_native: 1ms
intAdd_native: 1ms
intAdd_native: 2ms
intAdd_native: 1ms
intAdd_native: 1ms
intAdd_native: 2ms
intAdd_native: 1ms
intAdd_native: 1ms
intAdd_native: 1ms
intAdd_native: 2ms
intAdd_native: 1ms
intAdd_native: 1ms
intAdd_native: 1ms
intAdd_native: 2ms
intAdd_native: 1ms
intAdd_native: 1ms
intAdd_native: 1ms
intAdd_native: 1ms
intAdd_native: 1ms
intAdd_native: 1ms
intAdd_native: 1ms
intAdd_native: 1ms
intAdd_native: 1ms
intAdd_native: 1ms
intAdd_native: 2ms
intAdd_native: 1ms
intAdd_native: 1ms
intAdd_native: 1ms
intAdd_native: 2ms
intAdd_native: 1ms
intAdd_native: 1ms
intAdd_native: 2ms
intAdd_native: 1ms
intAdd_native: 1ms
intAdd_native: 2ms
intAdd_native: 1ms
intAdd_native: 1ms
intAdd_native: 1ms
intAdd_native: 1ms
intAdd_native: 2ms
intAdd_native: 1ms
intAdd_native: 1ms
intAdd_native: 1ms
intAdd_native: 2ms
intAdd_native: 1ms
intAdd_native: 1ms
intAdd_native: 1ms
intAdd_native: 1ms
intAdd_native: 1ms
intAdd_native: 1ms
intAdd_native: 2ms
intAdd_native: 1ms
intAdd_native: 1ms
intAdd_native: 1ms
intAdd_native: 2ms
intAdd_native: 1ms
intAdd_native: 1ms
intAdd_native: 2ms
intAdd_native: 1ms
intAdd_native: 1ms
intAdd_native: 1ms
intAdd_native: 2ms
intAdd_native: 1ms
intAdd_native: 1ms
intAdd_native: 1ms
intAdd_native: 1ms
intAdd_native: 1ms
intAdd_native: 1ms
intAdd_native: 2ms
intAdd_native: 1ms
intAdd_native: 1ms
intSub_native: 2ms
intSub_native: 1ms
intSub_native: 1ms
intSub_native: 2ms
intSub_native: 1ms
intSub_native: 1ms
intSub_native: 2ms
intSub_native: 1ms
intSub_native: 1ms
intSub_native: 1ms
intSub_native: 2ms
intSub_native: 1ms
intSub_native: 1ms
intSub_native: 2ms
intSub_native: 1ms
intSub_native: 1ms
intSub_native: 1ms
intSub_native: 1ms
intSub_native: 1ms
intSub_native: 1ms
intSub_native: 2ms
intSub_native: 1ms
intSub_native: 1ms
intSub_native: 1ms
intSub_native: 2ms
intSub_native: 1ms
intSub_native: 1ms
intSub_native: 1ms
intSub_native: 2ms
intSub_native: 1ms
intSub_native: 1ms
intSub_native: 2ms
intSub_native: 1ms
intSub_native: 1ms
intSub_native: 1ms
intSub_native: 1ms
intSub_native: 1ms
intSub_native: 2ms
intSub_native: 1ms
intSub_native: 1ms
intSub_native: 1ms
intSub_native: 2ms
intSub_native: 1ms
intSub_native: 1ms
intSub_native: 2ms
intSub_native: 1ms
intSub_native: 1ms
intSub_native: 1ms
intSub_native: 2ms
intSub_native: 1ms
intSub_native: 1ms
intSub_native: 2ms
intSub_native: 1ms
intSub_native: 1ms
intSub_native: 1ms
intSub_native: 2ms
intSub_native: 1ms
intSub_native: 1ms
intSub_native: 1ms
intSub_native: 2ms
intSub_native: 1ms
intSub_native: 1ms
intSub_native: 2ms
intSub_native: 1ms
intSub_native: 1ms
intSub_native: 1ms
intSub_native: 1ms
intSub_native: 1ms
intSub_native: 1ms
intSub_native: 2ms
intSub_native: 1ms
intSub_native: 1ms
intSub_native: 2ms
intSub_native: 1ms
intSub_native: 1ms
intSub_native: 1ms
intSub_native: 2ms
intSub_native: 1ms
intSub_native: 1ms
intSub_native: 1ms
intSub_native: 1ms
intSub_native: 1ms
intSub_native: 1ms
intSub_native: 2ms
intSub_native: 1ms
intSub_native: 1ms
intSub_native: 2ms
intSub_native: 1ms
intSub_native: 1ms
intSub_native: 1ms
intSub_native: 2ms
intSub_native: 1ms
intSub_native: 1ms
intSub_native: 2ms
intSub_native: 1ms
intSub_native: 1ms
intSub_native: 1ms
intSub_native: 2ms
intSub_native: 1ms
intSub_native: 1ms
==============================JS END================================
