==============================JS BEGIN==============================
listPrepend: 1528ms
listPrepend: 1490ms
listPrepend: 1518ms
listPrepend: 1514ms
listPrepend: 1518ms
listPrepend: 1462ms
listPrepend: 1522ms
listPrepend: 1555ms
listPrepend: 1543ms
listPrepend: 1453ms
listPrepend: 1522ms
listPrepend: 1470ms
listPrepend: 1520ms
listPrepend: 1444ms
listPrepend: 1488ms
listPrepend: 1537ms
listPrepend: 1494ms
listPrepend: 1463ms
listPrepend: 1477ms
listPrepend: 1499ms
listPrepend: 1545ms
listPrepend: 1447ms
listPrepend: 1505ms
listPrepend: 1471ms
listPrepend: 1490ms
listPrepend: 1474ms
listPrepend: 1507ms
listPrepend: 1525ms
listPrepend: 1497ms
listPrepend: 1449ms
listPrepend: 1492ms
listPrepend: 1475ms
listPrepend: 1505ms
listPrepend: 1447ms
listPrepend: 1502ms
listPrepend: 1535ms
listPrepend: 1496ms
listPrepend: 1459ms
listPrepend: 1479ms
listPrepend: 1478ms
listPrepend: 1513ms
listPrepend: 1459ms
listPrepend: 1498ms
listPrepend: 1484ms
listPrepend: 1473ms
listPrepend: 1541ms
listPrepend: 1490ms
listPrepend: 1515ms
listPrepend: 1499ms
listPrepend: 1473ms
listPrepend: 1535ms
listPrepend: 1500ms
listPrepend: 1497ms
listPrepend: 1459ms
listPrepend: 1478ms
listPrepend: 1532ms
listPrepend: 1488ms
listPrepend: 1497ms
listPrepend: 1464ms
listPrepend: 1489ms
listPrepend: 1490ms
listPrepend: 1495ms
listPrepend: 1482ms
listPrepend: 1509ms
listPrepend: 1446ms
listPrepend: 1558ms
listPrepend: 1500ms
listPrepend: 1514ms
listPrepend: 1471ms
listPrepend: 1519ms
listPrepend: 1520ms
listPrepend: 1482ms
listPrepend: 1476ms
listPrepend: 1484ms
listPrepend: 1500ms
listPrepend: 1481ms
listPrepend: 1446ms
listPrepend: 1530ms
listPrepend: 1475ms
listPrepend: 1492ms
listPrepend: 1446ms
listPrepend: 1498ms
listPrepend: 1513ms
listPrepend: 1487ms
listPrepend: 1445ms
listPrepend: 1480ms
listPrepend: 1520ms
listPrepend: 1525ms
listPrepend: 1444ms
listPrepend: 1483ms
listPrepend: 1477ms
listPrepend: 1485ms
listPrepend: 1478ms
listPrepend: 1467ms
listPrepend: 1491ms
listPrepend: 1484ms
listPrepend: 1474ms
listPrepend: 1501ms
listPrepend: 1488ms
listPrepend: 1467ms
listAppend: 0ms
listAppend: 0ms
listAppend: 0ms
listAppend: 1ms
listAppend: 0ms
listAppend: 0ms
listAppend: 0ms
listAppend: 0ms
listAppend: 0ms
listAppend: 0ms
listAppend: 0ms
listAppend: 0ms
listAppend: 0ms
listAppend: 0ms
listAppend: 0ms
listAppend: 0ms
listAppend: 0ms
listAppend: 0ms
listAppend: 0ms
listAppend: 0ms
listAppend: 0ms
listAppend: 0ms
listAppend: 0ms
listAppend: 0ms
listAppend: 0ms
listAppend: 0ms
listAppend: 0ms
listAppend: 0ms
listAppend: 0ms
listAppend: 0ms
listAppend: 0ms
listAppend: 0ms
listAppend: 0ms
listAppend: 0ms
listAppend: 0ms
listAppend: 0ms
listAppend: 0ms
listAppend: 0ms
listAppend: 0ms
listAppend: 0ms
listAppend: 0ms
listAppend: 0ms
listAppend: 0ms
listAppend: 0ms
listAppend: 0ms
listAppend: 0ms
listAppend: 0ms
listAppend: 0ms
listAppend: 0ms
listAppend: 0ms
listAppend: 0ms
listAppend: 0ms
listAppend: 0ms
listAppend: 0ms
listAppend: 0ms
listAppend: 0ms
listAppend: 0ms
listAppend: 0ms
listAppend: 0ms
listAppend: 0ms
listAppend: 0ms
listAppend: 0ms
listAppend: 0ms
listAppend: 0ms
listAppend: 0ms
listAppend: 0ms
listAppend: 0ms
listAppend: 0ms
listAppend: 0ms
listAppend: 0ms
listAppend: 0ms
listAppend: 0ms
listAppend: 0ms
listAppend: 0ms
listAppend: 0ms
listAppend: 0ms
listAppend: 0ms
listAppend: 0ms
listAppend: 0ms
listAppend: 0ms
listAppend: 0ms
listAppend: 0ms
listAppend: 0ms
listAppend: 0ms
listAppend: 0ms
listAppend: 0ms
listAppend: 0ms
listAppend: 0ms
listAppend: 0ms
listAppend: 0ms
listAppend: 0ms
listAppend: 0ms
listAppend: 0ms
listAppend: 0ms
listAppend: 0ms
listAppend: 0ms
listAppend: 0ms
listAppend: 0ms
listAppend: 0ms
listAppend: 0ms
==============================JS END================================
