==============================JS BEGIN==============================
realAdd_native: 1ms
realAdd_native: 1ms
realAdd_native: 1ms
realAdd_native: 1ms
realAdd_native: 2ms
realAdd_native: 1ms
realAdd_native: 1ms
realAdd_native: 1ms
realAdd_native: 2ms
realAdd_native: 1ms
realAdd_native: 1ms
realAdd_native: 2ms
realAdd_native: 1ms
realAdd_native: 1ms
realAdd_native: 2ms
realAdd_native: 1ms
realAdd_native: 1ms
realAdd_native: 2ms
realAdd_native: 1ms
realAdd_native: 1ms
realAdd_native: 1ms
realAdd_native: 2ms
realAdd_native: 1ms
realAdd_native: 1ms
realAdd_native: 2ms
realAdd_native: 1ms
realAdd_native: 1ms
realAdd_native: 2ms
realAdd_native: 1ms
realAdd_native: 1ms
realAdd_native: 1ms
realAdd_native: 1ms
realAdd_native: 1ms
realAdd_native: 1ms
realAdd_native: 1ms
realAdd_native: 1ms
realAdd_native: 1ms
realAdd_native: 2ms
realAdd_native: 1ms
realAdd_native: 1ms
realAdd_native: 2ms
realAdd_native: 1ms
realAdd_native: 1ms
realAdd_native: 2ms
realAdd_native: 1ms
realAdd_native: 1ms
realAdd_native: 2ms
realAdd_native: 1ms
realAdd_native: 1ms
realAdd_native: 2ms
realAdd_native: 1ms
realAdd_native: 1ms
realAdd_native: 2ms
realAdd_native: 1ms
realAdd_native: 1ms
realAdd_native: 1ms
realAdd_native: 2ms
realAdd_native: 1ms
realAdd_native: 1ms
realAdd_native: 2ms
realAdd_native: 1ms
realAdd_native: 1ms
realAdd_native: 2ms
realAdd_native: 1ms
realAdd_native: 1ms
realAdd_native: 2ms
realAdd_native: 1ms
realAdd_native: 1ms
realAdd_native: 2ms
realAdd_native: 1ms
realAdd_native: 1ms
realAdd_native: 2ms
realAdd_native: 1ms
realAdd_native: 1ms
realAdd_native: 2ms
realAdd_native: 1ms
realAdd_native: 1ms
realAdd_native: 1ms
realAdd_native: 2ms
realAdd_native: 1ms
realAdd_native: 1ms
realAdd_native: 2ms
realAdd_native: 1ms
realAdd_native: 1ms
realAdd_native: 2ms
realAdd_native: 1ms
realAdd_native: 1ms
realAdd_native: 1ms
realAdd_native: 2ms
realAdd_native: 1ms
realAdd_native: 1ms
realAdd_native: 2ms
realAdd_native: 1ms
realAdd_native: 1ms
realAdd_native: 2ms
realAdd_native: 1ms
realAdd_native: 2ms
realAdd_native: 2ms
realAdd_native: 2ms
realAdd_native: 2ms
realSub_native: 1ms
realSub_native: 2ms
realSub_native: 2ms
realSub_native: 2ms
realSub_native: 1ms
realSub_native: 2ms
realSub_native: 2ms
realSub_native: 2ms
realSub_native: 2ms
realSub_native: 2ms
realSub_native: 1ms
realSub_native: 2ms
realSub_native: 2ms
realSub_native: 2ms
realSub_native: 1ms
realSub_native: 2ms
realSub_native: 2ms
realSub_native: 2ms
realSub_native: 1ms
realSub_native: 2ms
realSub_native: 2ms
realSub_native: 2ms
realSub_native: 2ms
realSub_native: 2ms
realSub_native: 1ms
realSub_native: 2ms
realSub_native: 2ms
realSub_native: 2ms
realSub_native: 1ms
realSub_native: 2ms
realSub_native: 2ms
realSub_native: 2ms
realSub_native: 1ms
realSub_native: 2ms
realSub_native: 2ms
realSub_native: 2ms
realSub_native: 2ms
realSub_native: 1ms
realSub_native: 2ms
realSub_native: 2ms
realSub_native: 1ms
realSub_native: 2ms
realSub_native: 2ms
realSub_native: 2ms
realSub_native: 2ms
realSub_native: 1ms
realSub_native: 1ms
realSub_native: 3ms
realSub_native: 1ms
realSub_native: 2ms
realSub_native: 2ms
realSub_native: 2ms
realSub_native: 2ms
realSub_native: 1ms
realSub_native: 2ms
realSub_native: 2ms
realSub_native: 2ms
realSub_native: 1ms
realSub_native: 2ms
realSub_native: 2ms
realSub_native: 2ms
realSub_native: 1ms
realSub_native: 2ms
realSub_native: 2ms
realSub_native: 2ms
realSub_native: 1ms
realSub_native: 2ms
realSub_native: 2ms
realSub_native: 2ms
realSub_native: 1ms
realSub_native: 2ms
realSub_native: 2ms
realSub_native: 1ms
realSub_native: 2ms
realSub_native: 2ms
realSub_native: 2ms
realSub_native: 1ms
realSub_native: 2ms
realSub_native: 2ms
realSub_native: 2ms
realSub_native: 1ms
realSub_native: 2ms
realSub_native: 2ms
realSub_native: 1ms
realSub_native: 2ms
realSub_native: 2ms
realSub_native: 1ms
realSub_native: 2ms
realSub_native: 2ms
realSub_native: 2ms
realSub_native: 1ms
realSub_native: 1ms
realSub_native: 2ms
realSub_native: 1ms
realSub_native: 2ms
realSub_native: 2ms
realSub_native: 2ms
realSub_native: 2ms
realSub_native: 1ms
realSub_native: 2ms
realSubInnerScope_native: 4ms
realSubInnerScope_native: 3ms
realSubInnerScope_native: 4ms
realSubInnerScope_native: 3ms
realSubInnerScope_native: 4ms
realSubInnerScope_native: 3ms
realSubInnerScope_native: 2ms
realSubInnerScope_native: 2ms
realSubInnerScope_native: 3ms
realSubInnerScope_native: 3ms
realSubInnerScope_native: 3ms
realSubInnerScope_native: 3ms
realSubInnerScope_native: 2ms
realSubInnerScope_native: 3ms
realSubInnerScope_native: 3ms
realSubInnerScope_native: 2ms
realSubInnerScope_native: 3ms
realSubInnerScope_native: 3ms
realSubInnerScope_native: 2ms
realSubInnerScope_native: 3ms
realSubInnerScope_native: 2ms
realSubInnerScope_native: 3ms
realSubInnerScope_native: 3ms
realSubInnerScope_native: 2ms
realSubInnerScope_native: 3ms
realSubInnerScope_native: 2ms
realSubInnerScope_native: 3ms
realSubInnerScope_native: 3ms
realSubInnerScope_native: 4ms
realSubInnerScope_native: 2ms
realSubInnerScope_native: 3ms
realSubInnerScope_native: 2ms
realSubInnerScope_native: 3ms
realSubInnerScope_native: 3ms
realSubInnerScope_native: 2ms
realSubInnerScope_native: 3ms
realSubInnerScope_native: 2ms
realSubInnerScope_native: 3ms
realSubInnerScope_native: 3ms
realSubInnerScope_native: 2ms
realSubInnerScope_native: 3ms
realSubInnerScope_native: 3ms
realSubInnerScope_native: 2ms
realSubInnerScope_native: 3ms
realSubInnerScope_native: 3ms
realSubInnerScope_native: 2ms
realSubInnerScope_native: 3ms
realSubInnerScope_native: 2ms
realSubInnerScope_native: 3ms
realSubInnerScope_native: 2ms
realSubInnerScope_native: 3ms
realSubInnerScope_native: 2ms
realSubInnerScope_native: 3ms
realSubInnerScope_native: 2ms
realSubInnerScope_native: 2ms
realSubInnerScope_native: 3ms
realSubInnerScope_native: 3ms
realSubInnerScope_native: 2ms
realSubInnerScope_native: 2ms
realSubInnerScope_native: 3ms
realSubInnerScope_native: 2ms
realSubInnerScope_native: 2ms
realSubInnerScope_native: 2ms
realSubInnerScope_native: 3ms
realSubInnerScope_native: 2ms
realSubInnerScope_native: 2ms
realSubInnerScope_native: 3ms
realSubInnerScope_native: 2ms
realSubInnerScope_native: 3ms
realSubInnerScope_native: 2ms
realSubInnerScope_native: 3ms
realSubInnerScope_native: 2ms
realSubInnerScope_native: 3ms
realSubInnerScope_native: 3ms
realSubInnerScope_native: 2ms
realSubInnerScope_native: 3ms
realSubInnerScope_native: 3ms
realSubInnerScope_native: 2ms
realSubInnerScope_native: 3ms
realSubInnerScope_native: 2ms
realSubInnerScope_native: 3ms
realSubInnerScope_native: 3ms
realSubInnerScope_native: 2ms
realSubInnerScope_native: 2ms
realSubInnerScope_native: 3ms
realSubInnerScope_native: 2ms
realSubInnerScope_native: 3ms
realSubInnerScope_native: 2ms
realSubInnerScope_native: 3ms
realSubInnerScope_native: 2ms
realSubInnerScope_native: 2ms
realSubInnerScope_native: 3ms
realSubInnerScope_native: 2ms
realSubInnerScope_native: 3ms
realSubInnerScope_native: 2ms
realSubInnerScope_native: 3ms
realSubInnerScope_native: 2ms
realSubInnerScope_native: 2ms
realSubInnerScope_native: 3ms
realSubInnerScope_native: 2ms
realSubOuterScope_native: 16ms
realSubOuterScope_native: 14ms
realSubOuterScope_native: 15ms
realSubOuterScope_native: 14ms
realSubOuterScope_native: 17ms
realSubOuterScope_native: 14ms
realSubOuterScope_native: 15ms
realSubOuterScope_native: 14ms
realSubOuterScope_native: 15ms
realSubOuterScope_native: 15ms
realSubOuterScope_native: 14ms
realSubOuterScope_native: 15ms
realSubOuterScope_native: 14ms
realSubOuterScope_native: 15ms
realSubOuterScope_native: 14ms
realSubOuterScope_native: 14ms
realSubOuterScope_native: 15ms
realSubOuterScope_native: 14ms
realSubOuterScope_native: 15ms
realSubOuterScope_native: 14ms
realSubOuterScope_native: 15ms
realSubOuterScope_native: 14ms
realSubOuterScope_native: 15ms
realSubOuterScope_native: 14ms
realSubOuterScope_native: 15ms
realSubOuterScope_native: 15ms
realSubOuterScope_native: 16ms
realSubOuterScope_native: 14ms
realSubOuterScope_native: 15ms
realSubOuterScope_native: 14ms
realSubOuterScope_native: 15ms
realSubOuterScope_native: 15ms
realSubOuterScope_native: 15ms
realSubOuterScope_native: 14ms
realSubOuterScope_native: 15ms
realSubOuterScope_native: 14ms
realSubOuterScope_native: 15ms
realSubOuterScope_native: 15ms
realSubOuterScope_native: 14ms
realSubOuterScope_native: 15ms
realSubOuterScope_native: 15ms
realSubOuterScope_native: 14ms
realSubOuterScope_native: 14ms
realSubOuterScope_native: 16ms
realSubOuterScope_native: 15ms
realSubOuterScope_native: 15ms
realSubOuterScope_native: 14ms
realSubOuterScope_native: 15ms
realSubOuterScope_native: 15ms
realSubOuterScope_native: 15ms
realSubOuterScope_native: 15ms
realSubOuterScope_native: 14ms
realSubOuterScope_native: 15ms
realSubOuterScope_native: 15ms
realSubOuterScope_native: 15ms
realSubOuterScope_native: 15ms
realSubOuterScope_native: 14ms
realSubOuterScope_native: 15ms
realSubOuterScope_native: 15ms
realSubOuterScope_native: 14ms
realSubOuterScope_native: 16ms
realSubOuterScope_native: 14ms
realSubOuterScope_native: 14ms
realSubOuterScope_native: 16ms
realSubOuterScope_native: 14ms
realSubOuterScope_native: 15ms
realSubOuterScope_native: 15ms
realSubOuterScope_native: 15ms
realSubOuterScope_native: 15ms
realSubOuterScope_native: 14ms
realSubOuterScope_native: 15ms
realSubOuterScope_native: 15ms
realSubOuterScope_native: 15ms
realSubOuterScope_native: 14ms
realSubOuterScope_native: 14ms
realSubOuterScope_native: 15ms
realSubOuterScope_native: 16ms
realSubOuterScope_native: 15ms
realSubOuterScope_native: 15ms
realSubOuterScope_native: 14ms
realSubOuterScope_native: 14ms
realSubOuterScope_native: 15ms
realSubOuterScope_native: 15ms
realSubOuterScope_native: 16ms
realSubOuterScope_native: 14ms
realSubOuterScope_native: 15ms
realSubOuterScope_native: 15ms
realSubOuterScope_native: 15ms
realSubOuterScope_native: 15ms
realSubOuterScope_native: 15ms
realSubOuterScope_native: 15ms
realSubOuterScope_native: 15ms
realSubOuterScope_native: 15ms
realSubOuterScope_native: 15ms
realSubOuterScope_native: 15ms
realSubOuterScope_native: 15ms
realSubOuterScope_native: 15ms
realSubOuterScope_native: 15ms
realSubOuterScope_native: 15ms
realSubOuterScope_native: 15ms
realSubBothScopes_native: 15ms
realSubBothScopes_native: 15ms
realSubBothScopes_native: 20ms
realSubBothScopes_native: 15ms
realSubBothScopes_native: 16ms
realSubBothScopes_native: 16ms
realSubBothScopes_native: 16ms
realSubBothScopes_native: 17ms
realSubBothScopes_native: 17ms
realSubBothScopes_native: 16ms
realSubBothScopes_native: 17ms
realSubBothScopes_native: 18ms
realSubBothScopes_native: 18ms
realSubBothScopes_native: 18ms
realSubBothScopes_native: 19ms
realSubBothScopes_native: 18ms
realSubBothScopes_native: 19ms
realSubBothScopes_native: 22ms
realSubBothScopes_native: 21ms
realSubBothScopes_native: 17ms
realSubBothScopes_native: 18ms
realSubBothScopes_native: 17ms
realSubBothScopes_native: 18ms
realSubBothScopes_native: 17ms
realSubBothScopes_native: 18ms
realSubBothScopes_native: 17ms
realSubBothScopes_native: 17ms
realSubBothScopes_native: 17ms
realSubBothScopes_native: 18ms
realSubBothScopes_native: 17ms
realSubBothScopes_native: 18ms
realSubBothScopes_native: 17ms
realSubBothScopes_native: 17ms
realSubBothScopes_native: 17ms
realSubBothScopes_native: 18ms
realSubBothScopes_native: 17ms
realSubBothScopes_native: 16ms
realSubBothScopes_native: 16ms
realSubBothScopes_native: 16ms
realSubBothScopes_native: 15ms
realSubBothScopes_native: 15ms
realSubBothScopes_native: 15ms
realSubBothScopes_native: 16ms
realSubBothScopes_native: 16ms
realSubBothScopes_native: 15ms
realSubBothScopes_native: 16ms
realSubBothScopes_native: 16ms
realSubBothScopes_native: 17ms
realSubBothScopes_native: 18ms
realSubBothScopes_native: 17ms
realSubBothScopes_native: 18ms
realSubBothScopes_native: 17ms
realSubBothScopes_native: 18ms
realSubBothScopes_native: 18ms
realSubBothScopes_native: 18ms
realSubBothScopes_native: 17ms
realSubBothScopes_native: 17ms
realSubBothScopes_native: 17ms
realSubBothScopes_native: 18ms
realSubBothScopes_native: 18ms
realSubBothScopes_native: 17ms
realSubBothScopes_native: 17ms
realSubBothScopes_native: 17ms
realSubBothScopes_native: 17ms
realSubBothScopes_native: 17ms
realSubBothScopes_native: 17ms
realSubBothScopes_native: 18ms
realSubBothScopes_native: 18ms
realSubBothScopes_native: 17ms
realSubBothScopes_native: 18ms
realSubBothScopes_native: 17ms
realSubBothScopes_native: 16ms
realSubBothScopes_native: 15ms
realSubBothScopes_native: 16ms
realSubBothScopes_native: 16ms
realSubBothScopes_native: 15ms
realSubBothScopes_native: 16ms
realSubBothScopes_native: 15ms
realSubBothScopes_native: 16ms
realSubBothScopes_native: 16ms
realSubBothScopes_native: 16ms
realSubBothScopes_native: 18ms
realSubBothScopes_native: 18ms
realSubBothScopes_native: 18ms
realSubBothScopes_native: 17ms
realSubBothScopes_native: 18ms
realSubBothScopes_native: 19ms
realSubBothScopes_native: 17ms
realSubBothScopes_native: 18ms
realSubBothScopes_native: 18ms
realSubBothScopes_native: 17ms
realSubBothScopes_native: 17ms
realSubBothScopes_native: 17ms
realSubBothScopes_native: 18ms
realSubBothScopes_native: 18ms
realSubBothScopes_native: 18ms
realSubBothScopes_native: 18ms
realSubBothScopes_native: 18ms
realSubBothScopes_native: 18ms
realSubBothScopes_native: 17ms
==============================JS END================================
