==============================JS BEGIN==============================
genTree: 1554ms
genTree: 1675ms
genTree: 1613ms
genTree: 1643ms
genTree: 1641ms
genTree: 1573ms
genTree: 1535ms
genTree: 1676ms
genTree: 1769ms
genTree: 1584ms
genTree: 1634ms
genTree: 1737ms
genTree: 1763ms
genTree: 1567ms
genTree: 1746ms
genTree: 1666ms
genTree: 1600ms
genTree: 1573ms
genTree: 1653ms
genTree: 1634ms
genTree: 1658ms
genTree: 1730ms
genTree: 1560ms
genTree: 1696ms
genTree: 1742ms
genTree: 1762ms
genTree: 1645ms
genTree: 1609ms
genTree: 1763ms
genTree: 1749ms
genTree: 1598ms
genTree: 1766ms
genTree: 1714ms
genTree: 1689ms
genTree: 1551ms
genTree: 1702ms
genTree: 1607ms
genTree: 1652ms
genTree: 1654ms
genTree: 1630ms
genTree: 1722ms
genTree: 1559ms
genTree: 1768ms
genTree: 1701ms
genTree: 1668ms
genTree: 1697ms
genTree: 1608ms
genTree: 1593ms
genTree: 1721ms
genTree: 1683ms
genTree: 1640ms
genTree: 1612ms
genTree: 1700ms
genTree: 1612ms
genTree: 1630ms
genTree: 1632ms
genTree: 1620ms
genTree: 1690ms
genTree: 1574ms
genTree: 1713ms
genTree: 1679ms
genTree: 1655ms
genTree: 1701ms
genTree: 1584ms
genTree: 1607ms
genTree: 1670ms
genTree: 1680ms
genTree: 1603ms
genTree: 1590ms
genTree: 1699ms
genTree: 1557ms
genTree: 1710ms
genTree: 1625ms
genTree: 1687ms
genTree: 1589ms
genTree: 1658ms
genTree: 1559ms
genTree: 1687ms
genTree: 1651ms
genTree: 1738ms
genTree: 1588ms
genTree: 1663ms
genTree: 1570ms
genTree: 1737ms
genTree: 1731ms
genTree: 1674ms
genTree: 1623ms
genTree: 1607ms
genTree: 1813ms
genTree: 1875ms
genTree: 1658ms
genTree: 1753ms
genTree: 1688ms
genTree: 1643ms
genTree: 1726ms
genTree: 1590ms
genTree: 1630ms
genTree: 1841ms
genTree: 1708ms
genTree: 1588ms
traverseTree: 301ms
traverseTree: 266ms
traverseTree: 266ms
traverseTree: 268ms
traverseTree: 266ms
traverseTree: 266ms
traverseTree: 270ms
traverseTree: 280ms
traverseTree: 263ms
traverseTree: 265ms
traverseTree: 264ms
traverseTree: 265ms
traverseTree: 266ms
traverseTree: 266ms
traverseTree: 286ms
traverseTree: 270ms
traverseTree: 266ms
traverseTree: 265ms
traverseTree: 265ms
traverseTree: 266ms
traverseTree: 270ms
traverseTree: 276ms
traverseTree: 278ms
traverseTree: 266ms
traverseTree: 265ms
traverseTree: 263ms
traverseTree: 264ms
traverseTree: 267ms
traverseTree: 265ms
traverseTree: 283ms
traverseTree: 266ms
traverseTree: 266ms
traverseTree: 271ms
traverseTree: 264ms
traverseTree: 266ms
traverseTree: 266ms
traverseTree: 301ms
traverseTree: 282ms
traverseTree: 272ms
traverseTree: 275ms
traverseTree: 271ms
traverseTree: 271ms
traverseTree: 268ms
traverseTree: 304ms
traverseTree: 285ms
traverseTree: 270ms
traverseTree: 269ms
traverseTree: 268ms
traverseTree: 268ms
traverseTree: 271ms
traverseTree: 269ms
traverseTree: 319ms
traverseTree: 270ms
traverseTree: 269ms
traverseTree: 269ms
traverseTree: 269ms
traverseTree: 267ms
traverseTree: 269ms
traverseTree: 348ms
traverseTree: 272ms
traverseTree: 268ms
traverseTree: 268ms
traverseTree: 268ms
traverseTree: 269ms
traverseTree: 269ms
traverseTree: 354ms
traverseTree: 279ms
traverseTree: 269ms
traverseTree: 272ms
traverseTree: 268ms
traverseTree: 272ms
traverseTree: 268ms
traverseTree: 300ms
traverseTree: 282ms
traverseTree: 266ms
traverseTree: 265ms
traverseTree: 265ms
traverseTree: 266ms
traverseTree: 268ms
traverseTree: 287ms
traverseTree: 294ms
traverseTree: 271ms
traverseTree: 269ms
traverseTree: 265ms
traverseTree: 266ms
traverseTree: 267ms
traverseTree: 268ms
traverseTree: 293ms
traverseTree: 267ms
traverseTree: 265ms
traverseTree: 264ms
traverseTree: 263ms
traverseTree: 265ms
traverseTree: 266ms
traverseTree: 276ms
traverseTree: 280ms
traverseTree: 268ms
traverseTree: 266ms
traverseTree: 266ms
traverseTree: 265ms
==============================JS END================================
