==============================JS BEGIN==============================
genTree_native: 702ms
genTree_native: 717ms
genTree_native: 964ms
genTree_native: 797ms
genTree_native: 841ms
genTree_native: 706ms
genTree_native: 914ms
genTree_native: 679ms
genTree_native: 915ms
genTree_native: 854ms
genTree_native: 663ms
genTree_native: 785ms
genTree_native: 1008ms
genTree_native: 809ms
genTree_native: 646ms
genTree_native: 793ms
genTree_native: 904ms
genTree_native: 676ms
genTree_native: 922ms
genTree_native: 818ms
genTree_native: 650ms
genTree_native: 793ms
genTree_native: 962ms
genTree_native: 811ms
genTree_native: 662ms
genTree_native: 826ms
genTree_native: 913ms
genTree_native: 846ms
genTree_native: 650ms
genTree_native: 795ms
genTree_native: 919ms
genTree_native: 802ms
genTree_native: 661ms
genTree_native: 795ms
genTree_native: 925ms
genTree_native: 822ms
genTree_native: 642ms
genTree_native: 817ms
genTree_native: 917ms
genTree_native: 822ms
genTree_native: 655ms
genTree_native: 809ms
genTree_native: 971ms
genTree_native: 810ms
genTree_native: 644ms
genTree_native: 790ms
genTree_native: 912ms
genTree_native: 874ms
genTree_native: 651ms
genTree_native: 796ms
genTree_native: 939ms
genTree_native: 818ms
genTree_native: 700ms
genTree_native: 781ms
genTree_native: 963ms
genTree_native: 653ms
genTree_native: 904ms
genTree_native: 843ms
genTree_native: 635ms
genTree_native: 809ms
genTree_native: 915ms
genTree_native: 805ms
genTree_native: 660ms
genTree_native: 791ms
genTree_native: 924ms
genTree_native: 806ms
genTree_native: 638ms
genTree_native: 814ms
genTree_native: 906ms
genTree_native: 823ms
genTree_native: 634ms
genTree_native: 789ms
genTree_native: 944ms
genTree_native: 811ms
genTree_native: 678ms
genTree_native: 818ms
genTree_native: 913ms
genTree_native: 912ms
genTree_native: 649ms
genTree_native: 909ms
genTree_native: 914ms
genTree_native: 821ms
genTree_native: 681ms
genTree_native: 806ms
genTree_native: 956ms
genTree_native: 657ms
genTree_native: 936ms
genTree_native: 853ms
genTree_native: 639ms
genTree_native: 803ms
genTree_native: 923ms
genTree_native: 813ms
genTree_native: 654ms
genTree_native: 777ms
genTree_native: 932ms
genTree_native: 815ms
genTree_native: 639ms
genTree_native: 809ms
genTree_native: 904ms
genTree_native: 823ms
traverseTree_native: 41ms
traverseTree_native: 40ms
traverseTree_native: 40ms
traverseTree_native: 40ms
traverseTree_native: 40ms
traverseTree_native: 41ms
traverseTree_native: 40ms
traverseTree_native: 41ms
traverseTree_native: 40ms
traverseTree_native: 40ms
traverseTree_native: 40ms
traverseTree_native: 40ms
traverseTree_native: 41ms
traverseTree_native: 40ms
traverseTree_native: 40ms
traverseTree_native: 40ms
traverseTree_native: 40ms
traverseTree_native: 40ms
traverseTree_native: 40ms
traverseTree_native: 40ms
traverseTree_native: 40ms
traverseTree_native: 41ms
traverseTree_native: 40ms
traverseTree_native: 40ms
traverseTree_native: 40ms
traverseTree_native: 39ms
traverseTree_native: 40ms
traverseTree_native: 40ms
traverseTree_native: 41ms
traverseTree_native: 40ms
traverseTree_native: 40ms
traverseTree_native: 40ms
traverseTree_native: 40ms
traverseTree_native: 40ms
traverseTree_native: 40ms
traverseTree_native: 41ms
traverseTree_native: 40ms
traverseTree_native: 40ms
traverseTree_native: 42ms
traverseTree_native: 41ms
traverseTree_native: 42ms
traverseTree_native: 42ms
traverseTree_native: 42ms
traverseTree_native: 44ms
traverseTree_native: 41ms
traverseTree_native: 40ms
traverseTree_native: 40ms
traverseTree_native: 39ms
traverseTree_native: 40ms
traverseTree_native: 40ms
traverseTree_native: 40ms
traverseTree_native: 39ms
traverseTree_native: 39ms
traverseTree_native: 40ms
traverseTree_native: 40ms
traverseTree_native: 40ms
traverseTree_native: 40ms
traverseTree_native: 40ms
traverseTree_native: 40ms
traverseTree_native: 41ms
traverseTree_native: 40ms
traverseTree_native: 40ms
traverseTree_native: 40ms
traverseTree_native: 40ms
traverseTree_native: 40ms
traverseTree_native: 40ms
traverseTree_native: 39ms
traverseTree_native: 42ms
traverseTree_native: 40ms
traverseTree_native: 40ms
traverseTree_native: 40ms
traverseTree_native: 41ms
traverseTree_native: 40ms
traverseTree_native: 40ms
traverseTree_native: 40ms
traverseTree_native: 40ms
traverseTree_native: 40ms
traverseTree_native: 40ms
traverseTree_native: 39ms
traverseTree_native: 39ms
traverseTree_native: 40ms
traverseTree_native: 40ms
traverseTree_native: 39ms
traverseTree_native: 41ms
traverseTree_native: 40ms
traverseTree_native: 40ms
traverseTree_native: 40ms
traverseTree_native: 40ms
traverseTree_native: 79ms
traverseTree_native: 60ms
traverseTree_native: 44ms
traverseTree_native: 44ms
traverseTree_native: 49ms
traverseTree_native: 41ms
traverseTree_native: 40ms
traverseTree_native: 40ms
traverseTree_native: 40ms
traverseTree_native: 40ms
traverseTree_native: 40ms
traverseTree_native: 40ms
==============================JS END================================
